// Jest Snapshot v1, https://goo.gl/fbAQLP

exports[`Container component works 1`] = `
.c0 {
  width: 80%;
  margin: auto;
  margin-top: 100px;
}

<section
  className="c0"
/>
`;

exports[`CurrencyRow component works 1`] = `
<ContextProvider
  value={
    Object {
      "breakpoints": Object {
        "mobileL": "screen and (max-width: 425px)",
        "tablet": "screen and (max-width: 768px)",
      },
      "colors": Object {
        "black": "#000000",
        "dark": "#56809b",
        "hover": "#67a030",
        "main": "#a6dbfb",
        "red": "#800000",
        "text": "#0e2b3c",
        "transparent": "#ffffff00",
        "white": "#ffffff",
      },
    }
  }
>
  <Provider
    store={
      Object {
        "dispatch": [Function],
        "getState": [Function],
        "replaceReducer": [Function],
        "subscribe": [Function],
        Symbol(observable): [Function],
      }
    }
  >
    <Convert />
  </Provider>
</ContextProvider>
`;

exports[`First test with react testing library 1`] = `
<DocumentFragment>
  .c0 {
  width: 80%;
  margin: auto;
  margin-top: 100px;
}

.c3 {
  display: -webkit-box;
  display: -webkit-flex;
  display: -ms-flexbox;
  display: flex;
  width: 100%;
  -webkit-box-pack: justify;
  -webkit-justify-content: space-between;
  -ms-flex-pack: justify;
  justify-content: space-between;
}

.c4 {
  outline: none;
  width: 75%;
  padding: 10px;
  border-radius: 6px;
  border: 1px solid #000000;
  border-color: #000000;
}

.c2 {
  margin: auto;
  width: 50%;
  height: 300px;
  display: -webkit-box;
  display: -webkit-flex;
  display: -ms-flexbox;
  display: flex;
  -webkit-box-pack: center;
  -webkit-justify-content: center;
  -ms-flex-pack: center;
  justify-content: center;
  -webkit-align-items: center;
  -webkit-box-align: center;
  -ms-flex-align: center;
  align-items: center;
  -webkit-flex-wrap: wrap;
  -ms-flex-wrap: wrap;
  flex-wrap: wrap;
  box-shadow: 0px 0px 5px 0px rgba(0,0,0,0.75);
  padding: 20px;
  border-radius: 20px;
}

.c7 {
  width: 40px;
  height: 40px;
  background-image: url("./images/equal.svg");
  text-align: center;
  font-size: 30px;
  margin-bottom: 26px;
}

.c5 {
  width: 20%;
}

.c1 {
  text-align: center;
  margin-bottom: 30px;
  color: #67a030;
  font-weight: 700;
  font-size: 32px;
}

.c6 {
  width: 100%;
  font-size: 18px;
  font-weight: 700;
  color: #ffffff00;
}

@media screen and (max-width:768px) {
  .c2 {
    width: 90%;
  }
}

@media screen and (max-width:425px) {
  .c5 {
    width: 40%;
  }
}

@media screen and (max-width:768px) {
  .c5 {
    font-size: 12px;
  }
}

@media screen and (max-width:768px) {
  .c1 {
    font-size: 22px;
  }
}

<section
    class="c0"
  >
    <h2
      class="c1"
    >
      Convert
    </h2>
    <div
      class="container"
    >
      <form
        class="c2"
      >
        <div
          class="c3"
        >
          <input
            class="c4"
            name="fromAmount"
            type="number"
            value="1"
          />
          <select
            class="c5"
          />
        </div>
        <div
          class="c6"
        >
          Transparent
        </div>
        <div
          class="c7"
        />
        <div
          class="c3"
        >
          <input
            class="c4"
            name="toAmount"
            type="number"
            value="0.0"
          />
          <select
            class="c5"
          />
        </div>
        <div
          class="c6"
        >
          Transparent
        </div>
      </form>
    </div>
  </section>
</DocumentFragment>
`;

exports[`Renders correctly 1`] = `
.c0 {
  text-align: center;
  margin-bottom: 30px;
  color: #67a030;
  font-weight: 700;
  font-size: 32px;
}

@media screen and (max-width:768px) {
  .c0 {
    font-size: 22px;
  }
}

<h2
  className="c0"
>
  Convert
</h2>
`;
