// Jest Snapshot v1, https://goo.gl/fbAQLP

exports[`Navigation component renders correctly 1`] = `
.c0 {
  width: 100%;
  height: 80px;
  display: -webkit-box;
  display: -webkit-flex;
  display: -ms-flexbox;
  display: flex;
  -webkit-align-items: center;
  -webkit-box-align: center;
  -ms-flex-align: center;
  align-items: center;
  box-shadow: 0px 0px 5px 0px rgba(0,0,0,0.75);
}

<header
  className="c0"
>
  <BrowserRouter>
    <styled.nav>
      <styled.div
        theme={
          Object {
            "breakpoints": Object {
              "mobileL": "screen and (max-width: 425px)",
              "tablet": "screen and (max-width: 768px)",
            },
            "colors": Object {
              "black": "#000000",
              "dark": "#56809b",
              "hover": "#67a030",
              "main": "#a6dbfb",
              "red": "#800000",
              "text": "#0e2b3c",
              "transparent": "#ffffff00",
              "white": "#ffffff",
            },
          }
        }
      />
      <styled.ul
        theme={
          Object {
            "breakpoints": Object {
              "mobileL": "screen and (max-width: 425px)",
              "tablet": "screen and (max-width: 768px)",
            },
            "colors": Object {
              "black": "#000000",
              "dark": "#56809b",
              "hover": "#67a030",
              "main": "#a6dbfb",
              "red": "#800000",
              "text": "#0e2b3c",
              "transparent": "#ffffff00",
              "white": "#ffffff",
            },
          }
        }
      >
        <styled.li>
          <Styled(NavLink)
            theme={
              Object {
                "breakpoints": Object {
                  "mobileL": "screen and (max-width: 425px)",
                  "tablet": "screen and (max-width: 768px)",
                },
                "colors": Object {
                  "black": "#000000",
                  "dark": "#56809b",
                  "hover": "#67a030",
                  "main": "#a6dbfb",
                  "red": "#800000",
                  "text": "#0e2b3c",
                  "transparent": "#ffffff00",
                  "white": "#ffffff",
                },
              }
            }
            to="/"
          >
            Home
          </Styled(NavLink)>
        </styled.li>
        <styled.li>
          <Styled(NavLink)
            theme={
              Object {
                "breakpoints": Object {
                  "mobileL": "screen and (max-width: 425px)",
                  "tablet": "screen and (max-width: 768px)",
                },
                "colors": Object {
                  "black": "#000000",
                  "dark": "#56809b",
                  "hover": "#67a030",
                  "main": "#a6dbfb",
                  "red": "#800000",
                  "text": "#0e2b3c",
                  "transparent": "#ffffff00",
                  "white": "#ffffff",
                },
              }
            }
            to="/currency"
          >
            Convert
          </Styled(NavLink)>
        </styled.li>
      </styled.ul>
    </styled.nav>
  </BrowserRouter>
</header>
`;
