// Jest Snapshot v1, https://goo.gl/fbAQLP

exports[`CurrencyList component renders correctly Component renders correctly 1`] = `ShallowWrapper {}`;
