// Jest Snapshot v1, https://goo.gl/fbAQLP

exports[`Convert component renders correctly Container component works 1`] = `
.c0 {
  width: 80%;
  margin: auto;
  margin-top: 100px;
}

@media screen and (max-width:768px) {

}

@media screen and (max-width:425px) {

}

@media screen and (max-width:768px) {

}

<section
  className="c0"
/>
`;

exports[`Convert component renders correctly CurrencyRow component works 1`] = `
.c1 {
  display: -webkit-box;
  display: -webkit-flex;
  display: -ms-flexbox;
  display: flex;
  width: 100%;
  -webkit-box-pack: justify;
  -webkit-justify-content: space-between;
  -ms-flex-pack: justify;
  justify-content: space-between;
}

.c2 {
  outline: none;
  width: 75%;
  padding: 10px;
  border-radius: 6px;
  border: 1px solid #000000;
  border-color: #000000;
}

.c0 {
  margin: auto;
  width: 50%;
  height: 300px;
  display: -webkit-box;
  display: -webkit-flex;
  display: -ms-flexbox;
  display: flex;
  -webkit-box-pack: center;
  -webkit-justify-content: center;
  -ms-flex-pack: center;
  justify-content: center;
  -webkit-align-items: center;
  -webkit-box-align: center;
  -ms-flex-align: center;
  align-items: center;
  -webkit-flex-wrap: wrap;
  -ms-flex-wrap: wrap;
  flex-wrap: wrap;
  box-shadow: 0px 0px 5px 0px rgba(0,0,0,0.75);
  padding: 20px;
  border-radius: 20px;
}

.c5 {
  width: 40px;
  height: 40px;
  background-image: url(equal.svg);
  text-align: center;
  font-size: 30px;
  margin-bottom: 26px;
}

.c3 {
  width: 20%;
}

.c4 {
  width: 100%;
  font-size: 18px;
  font-weight: 700;
  color: #ffffff00;
}

@media screen and (max-width:768px) {
  .c0 {
    width: 90%;
  }
}

@media screen and (max-width:425px) {
  .c3 {
    width: 40%;
  }
}

@media screen and (max-width:768px) {
  .c3 {
    font-size: 12px;
  }
}

<div
  className="container"
>
  <form
    className="c0"
  >
    <div
      className="c1"
    >
      <input
        className="c2"
        name="fromAmount"
        onBlur={[Function]}
        onChange={[Function]}
        type="number"
        value={1}
      />
      <select
        className="c3"
        onChange={[Function]}
      />
    </div>
    <div
      className="c4"
    >
      Transparent
    </div>
    <div
      className="c5"
    />
    <div
      className="c1"
    >
      <input
        className="c2"
        name="toAmount"
        onBlur={[Function]}
        onChange={[Function]}
        type="number"
        value="0.0"
      />
      <select
        className="c3"
        onChange={[Function]}
      />
    </div>
    <div
      className="c4"
    >
      Transparent
    </div>
  </form>
</div>
`;

exports[`Convert component renders correctly renders correctly 1`] = `
.c0 {
  text-align: center;
  margin-bottom: 30px;
  color: #67a030;
  font-weight: 700;
  font-size: 32px;
}

@media screen and (max-width:768px) {
  .c0 {
    font-size: 22px;
  }
}

<h2
  className="c0"
>
  Convert
</h2>
`;
