// Jest Snapshot v1, https://goo.gl/fbAQLP

exports[`EmptyFavorites component works 1`] = `
.c0 {
  text-align: center;
  font-size: 20px;
  color: #0e2b3c;
  font-weight: 800;
}

<li
  className="c0"
>
  No favorite currencies
</li>
`;
