// Jest Snapshot v1, https://goo.gl/fbAQLP

exports[`CurrencyRow component renders correctly Component renders correctly 1`] = `ShallowWrapper {}`;
