// Jest Snapshot v1, https://goo.gl/fbAQLP

exports[`Container component works 1`] = `
.c0 {
  width: 80%;
  margin: auto;
  margin-top: 100px;
}

<section
  className="c0"
/>
`;

exports[`CurrencyRow component works 1`] = `
<ContextProvider
  value={
    Object {
      "breakpoints": Object {
        "mobileL": "screen and (max-width: 425px)",
        "tablet": "screen and (max-width: 768px)",
      },
      "colors": Object {
        "black": "#000000",
        "dark": "#56809b",
        "hover": "#67a030",
        "main": "#a6dbfb",
        "red": "#800000",
        "text": "#0e2b3c",
        "transparent": "#ffffff00",
        "white": "#ffffff",
      },
    }
  }
>
  <Provider
    store={
      Object {
        "dispatch": [Function],
        "getState": [Function],
        "replaceReducer": [Function],
        "subscribe": [Function],
        Symbol(observable): [Function],
      }
    }
  >
    <CurrencyRow
      currency={Array []}
      selectedExchangeRate={0}
      selectedFromCurrency=""
      selectedToCurrency=""
    />
  </Provider>
</ContextProvider>
`;

exports[`Renders correctly 1`] = `
.c0 {
  text-align: center;
  margin-bottom: 30px;
  color: #67a030;
  font-weight: 700;
  font-size: 32px;
}

@media screen and (max-width:768px) {
  .c0 {
    font-size: 22px;
  }
}

<h2
  className="c0"
>
  Convert
</h2>
`;
