// Jest Snapshot v1, https://goo.gl/fbAQLP

exports[`MainLoader component works 1`] = `ShallowWrapper {}`;
